// Jest Snapshot v1, https://goo.gl/fbAQLP

exports[`renders demo correctly 1`] = `
<div>
  <div class="gift-item"><img src="http://113.108.110.61:62181/nldmx-node-res/node/113965094870638592/113965622452256768/page/NL_H5WXorder_Column/1620891379156.png" alt="" class="gift-item-img">
    <div class="gift-content"><span class="gift-title">【赠品】&nbsp;拓展直播课金卡会员</span> <span class="gift-nums">X1</span></div>
  </div>
</div>
`;
