// Jest Snapshot v1, https://goo.gl/fbAQLP

exports[`should render title slot and match snapshot 1`] = `<i class="van-icon van-icon-arrow-left"></i>`;
